// Jest Snapshot v1, https://goo.gl/fbAQLP

exports[`NavBar renders correctly 1`] = `
<div
  className="navWrapper"
>
  <a
    href="/"
    onClick={[Function]}
  >
    Home
  </a>
  <a
    href="/work"
    onClick={[Function]}
  >
    Work
  </a>
  <a
    href="/art"
    onClick={[Function]}
  >
    Art
  </a>
</div>
`;
